// Jest Snapshot v1, https://goo.gl/fbAQLP

exports[`<Collapse> matches snapshot 1`] = `
{
  "asFragment": [Function],
  "baseElement": <body>
    <div>
      <nav
        class="navbar navbar-light bg-white"
        data-testid="navbar"
      >
        <div
          class="logo-container"
        >
          <a
            href="/"
          >
            Logo
          </a>
        </div>
        <div
          class="navbar-toggler"
        >
          <span
            class="navbar-toggler-line"
          />
          <span
            class="navbar-toggler-line"
          />
          <span
            class="navbar-toggler-line"
          />
        </div>
        <ul
          class="nav"
        >
          <li
            class="nav-item"
          >
            <a
              class="item"
              href="#home"
            >
              Home
            </a>
          </li>
          <li
            class="nav-item is-navbar"
          >
            <a
              class="item dropdown"
              href="#articles"
            >
              Articles
            </a>
            <ul
              class="nav-items"
            >
              <li
                class="nav-item is-navbar"
              >
                <a
                  class="item dropdown"
                  href="#power-plant"
                >
                  Power plant
                </a>
                <ul
                  class="nav-items"
                >
                  <li
                    class="nav-item"
                  >
                    <a
                      class="item"
                      href="#turbine"
                    >
                      Turbine
                    </a>
                  </li>
                </ul>
              </li>
            </ul>
          </li>
          <li
            class="nav-item is-navbar"
          >
            <a
              class="item dropdown"
              href="#about"
            >
              About
            </a>
            <ul
              class="nav-items"
            >
              <li
                class="nav-item"
              >
                <a
                  class="item"
                  href="#introduction"
                >
                  Introduction
                </a>
              </li>
            </ul>
          </li>
          <li
            class="nav-item"
          >
            <a
              class="item"
              href="#pricing"
            >
              Pricing
            </a>
          </li>
        </ul>
        <ul
          class="navbar-collapse"
        >
          <li
            class="nav-item"
          >
            <a
              class="item"
              href="#home"
            >
              Home
            </a>
          </li>
          <li
            class="nav-item"
          >
            <a
              class="item dropdown"
              href="#articles"
            >
              Articles
            </a>
            <ul
              class="nav-items"
            >
              <li
                class="nav-item"
              >
                <a
                  class="item dropdown"
                  href="#power-plant"
                >
                  Power plant
                </a>
                <ul
                  class="nav-items"
                >
                  <li
                    class="nav-item"
                  >
                    <a
                      class="item"
                      href="#turbine"
                    >
                      Turbine
                    </a>
                  </li>
                </ul>
              </li>
            </ul>
          </li>
          <li
            class="nav-item"
          >
            <a
              class="item dropdown"
              href="#about"
            >
              About
            </a>
            <ul
              class="nav-items"
            >
              <li
                class="nav-item"
              >
                <a
                  class="item"
                  href="#introduction"
                >
                  Introduction
                </a>
              </li>
            </ul>
          </li>
          <li
            class="nav-item"
          >
            <a
              class="item"
              href="#pricing"
            >
              Pricing
            </a>
          </li>
        </ul>
      </nav>
    </div>
  </body>,
  "container": <div>
    <nav
      class="navbar navbar-light bg-white"
      data-testid="navbar"
    >
      <div
        class="logo-container"
      >
        <a
          href="/"
        >
          Logo
        </a>
      </div>
      <div
        class="navbar-toggler"
      >
        <span
          class="navbar-toggler-line"
        />
        <span
          class="navbar-toggler-line"
        />
        <span
          class="navbar-toggler-line"
        />
      </div>
      <ul
        class="nav"
      >
        <li
          class="nav-item"
        >
          <a
            class="item"
            href="#home"
          >
            Home
          </a>
        </li>
        <li
          class="nav-item is-navbar"
        >
          <a
            class="item dropdown"
            href="#articles"
          >
            Articles
          </a>
          <ul
            class="nav-items"
          >
            <li
              class="nav-item is-navbar"
            >
              <a
                class="item dropdown"
                href="#power-plant"
              >
                Power plant
              </a>
              <ul
                class="nav-items"
              >
                <li
                  class="nav-item"
                >
                  <a
                    class="item"
                    href="#turbine"
                  >
                    Turbine
                  </a>
                </li>
              </ul>
            </li>
          </ul>
        </li>
        <li
          class="nav-item is-navbar"
        >
          <a
            class="item dropdown"
            href="#about"
          >
            About
          </a>
          <ul
            class="nav-items"
          >
            <li
              class="nav-item"
            >
              <a
                class="item"
                href="#introduction"
              >
                Introduction
              </a>
            </li>
          </ul>
        </li>
        <li
          class="nav-item"
        >
          <a
            class="item"
            href="#pricing"
          >
            Pricing
          </a>
        </li>
      </ul>
      <ul
        class="navbar-collapse"
      >
        <li
          class="nav-item"
        >
          <a
            class="item"
            href="#home"
          >
            Home
          </a>
        </li>
        <li
          class="nav-item"
        >
          <a
            class="item dropdown"
            href="#articles"
          >
            Articles
          </a>
          <ul
            class="nav-items"
          >
            <li
              class="nav-item"
            >
              <a
                class="item dropdown"
                href="#power-plant"
              >
                Power plant
              </a>
              <ul
                class="nav-items"
              >
                <li
                  class="nav-item"
                >
                  <a
                    class="item"
                    href="#turbine"
                  >
                    Turbine
                  </a>
                </li>
              </ul>
            </li>
          </ul>
        </li>
        <li
          class="nav-item"
        >
          <a
            class="item dropdown"
            href="#about"
          >
            About
          </a>
          <ul
            class="nav-items"
          >
            <li
              class="nav-item"
            >
              <a
                class="item"
                href="#introduction"
              >
                Introduction
              </a>
            </li>
          </ul>
        </li>
        <li
          class="nav-item"
        >
          <a
            class="item"
            href="#pricing"
          >
            Pricing
          </a>
        </li>
      </ul>
    </nav>
  </div>,
  "debug": [Function],
  "findAllByAltText": [Function],
  "findAllByDisplayValue": [Function],
  "findAllByLabelText": [Function],
  "findAllByPlaceholderText": [Function],
  "findAllByRole": [Function],
  "findAllByTestId": [Function],
  "findAllByText": [Function],
  "findAllByTitle": [Function],
  "findByAltText": [Function],
  "findByDisplayValue": [Function],
  "findByLabelText": [Function],
  "findByPlaceholderText": [Function],
  "findByRole": [Function],
  "findByTestId": [Function],
  "findByText": [Function],
  "findByTitle": [Function],
  "getAllByAltText": [Function],
  "getAllByDisplayValue": [Function],
  "getAllByLabelText": [Function],
  "getAllByPlaceholderText": [Function],
  "getAllByRole": [Function],
  "getAllByTestId": [Function],
  "getAllByText": [Function],
  "getAllByTitle": [Function],
  "getByAltText": [Function],
  "getByDisplayValue": [Function],
  "getByLabelText": [Function],
  "getByPlaceholderText": [Function],
  "getByRole": [Function],
  "getByTestId": [Function],
  "getByText": [Function],
  "getByTitle": [Function],
  "queryAllByAltText": [Function],
  "queryAllByDisplayValue": [Function],
  "queryAllByLabelText": [Function],
  "queryAllByPlaceholderText": [Function],
  "queryAllByRole": [Function],
  "queryAllByTestId": [Function],
  "queryAllByText": [Function],
  "queryAllByTitle": [Function],
  "queryByAltText": [Function],
  "queryByDisplayValue": [Function],
  "queryByLabelText": [Function],
  "queryByPlaceholderText": [Function],
  "queryByRole": [Function],
  "queryByTestId": [Function],
  "queryByText": [Function],
  "queryByTitle": [Function],
  "rerender": [Function],
  "unmount": [Function],
}
`;
